[Sat Aug 24 03:10:33.706849 2019] [core:error] [pid 2113] [client 81.40.150.167:36054] AH00126: Invalid URI in request GET /dana-na/../dana/html5acc/guacamole/../../../../../../etc/passwd?/dana/html5acc/guacamole/ HTTP/1.1
[Sat Aug 24 06:25:01.880494 2019] [ssl:warn] [pid 15338] AH01906: 165.22.77.15:443:0 server certificate is a CA certificate (BasicConstraints: CA == TRUE !?)
[Sat Aug 24 06:25:01.880677 2019] [ssl:error] [pid 15338] AH02217: ssl_stapling_init_cert: can't retrieve issuer certificate! [subject: CN=165.22.77.15,OU=Platon,O=Platon,L=Kiev,ST=Kiev,C=UA / issuer: CN=165.22.77.15,OU=Platon,O=Platon,L=Kiev,ST=Kiev,C=UA / serial: FB3127F6F6F5F655 / notbefore: May 11 16:55:11 2019 GMT / notafter: May 10 16:55:11 2020 GMT]
[Sat Aug 24 06:25:01.880686 2019] [ssl:error] [pid 15338] AH02604: Unable to configure certificate 165.22.77.15:443:0 for stapling
[Sat Aug 24 07:54:44.330126 2019] [php7:error] [pid 16604] [client 195.128.101.28:33192] script '/var/www/html/wp-login.php' not found or unable to stat, referer: http://165.22.77.15/wp-login.php
[Sun Aug 25 06:25:02.139374 2019] [ssl:warn] [pid 15338] AH01906: 165.22.77.15:443:0 server certificate is a CA certificate (BasicConstraints: CA == TRUE !?)
[Sun Aug 25 06:25:02.139494 2019] [ssl:error] [pid 15338] AH02217: ssl_stapling_init_cert: can't retrieve issuer certificate! [subject: CN=165.22.77.15,OU=Platon,O=Platon,L=Kiev,ST=Kiev,C=UA / issuer: CN=165.22.77.15,OU=Platon,O=Platon,L=Kiev,ST=Kiev,C=UA / serial: FB3127F6F6F5F655 / notbefore: May 11 16:55:11 2019 GMT / notafter: May 10 16:55:11 2020 GMT]
[Sun Aug 25 06:25:02.139499 2019] [ssl:error] [pid 15338] AH02604: Unable to configure certificate 165.22.77.15:443:0 for stapling
[Mon Aug 26 06:25:05.532490 2019] [ssl:warn] [pid 15338] AH01906: 165.22.77.15:443:0 server certificate is a CA certificate (BasicConstraints: CA == TRUE !?)
[Mon Aug 26 06:25:05.532651 2019] [ssl:error] [pid 15338] AH02217: ssl_stapling_init_cert: can't retrieve issuer certificate! [subject: CN=165.22.77.15,OU=Platon,O=Platon,L=Kiev,ST=Kiev,C=UA / issuer: CN=165.22.77.15,OU=Platon,O=Platon,L=Kiev,ST=Kiev,C=UA / serial: FB3127F6F6F5F655 / notbefore: May 11 16:55:11 2019 GMT / notafter: May 10 16:55:11 2020 GMT]
[Mon Aug 26 06:25:05.532657 2019] [ssl:error] [pid 15338] AH02604: Unable to configure certificate 165.22.77.15:443:0 for stapling
[Tue Aug 27 06:25:06.576722 2019] [ssl:warn] [pid 15338] AH01906: 165.22.77.15:443:0 server certificate is a CA certificate (BasicConstraints: CA == TRUE !?)
[Tue Aug 27 06:25:06.576928 2019] [ssl:error] [pid 15338] AH02217: ssl_stapling_init_cert: can't retrieve issuer certificate! [subject: CN=165.22.77.15,OU=Platon,O=Platon,L=Kiev,ST=Kiev,C=UA / issuer: CN=165.22.77.15,OU=Platon,O=Platon,L=Kiev,ST=Kiev,C=UA / serial: FB3127F6F6F5F655 / notbefore: May 11 16:55:11 2019 GMT / notafter: May 10 16:55:11 2020 GMT]
[Tue Aug 27 06:25:06.576940 2019] [ssl:error] [pid 15338] AH02604: Unable to configure certificate 165.22.77.15:443:0 for stapling
[Tue Aug 27 07:11:30.786853 2019] [php7:error] [pid 26320] [client 185.247.20.217:38738] PHP Fatal error:  Uncaught Error: Function name must be a string in /var/www/html/wp/wp-content/plugins/platon/index.php:189\nStack trace:\n#0 /var/www/html/wp/wp-settings.php(362): include_once()\n#1 /var/www/html/wp/wp-config.php(89): require_once('/var/www/html/w...')\n#2 /var/www/html/wp/wp-load.php(37): require_once('/var/www/html/w...')\n#3 /var/www/html/wp/wp-blog-header.php(13): require_once('/var/www/html/w...')\n#4 /var/www/html/wp/index.php(17): require('/var/www/html/w...')\n#5 {main}\n  thrown in /var/www/html/wp/wp-content/plugins/platon/index.php on line 189
[Tue Aug 27 07:11:45.933124 2019] [php7:error] [pid 27054] [client 185.247.20.217:38745] PHP Fatal error:  Uncaught Error: Function name must be a string in /var/www/html/wp/wp-content/plugins/platon/index.php:189\nStack trace:\n#0 /var/www/html/wp/wp-settings.php(362): include_once()\n#1 /var/www/html/wp/wp-config.php(89): require_once('/var/www/html/w...')\n#2 /var/www/html/wp/wp-load.php(37): require_once('/var/www/html/w...')\n#3 /var/www/html/wp/wp-blog-header.php(13): require_once('/var/www/html/w...')\n#4 /var/www/html/wp/index.php(17): require('/var/www/html/w...')\n#5 {main}\n  thrown in /var/www/html/wp/wp-content/plugins/platon/index.php on line 189
[Tue Aug 27 07:11:51.229028 2019] [php7:error] [pid 27047] [client 185.247.20.217:38748] PHP Fatal error:  Uncaught Error: Function name must be a string in /var/www/html/wp/wp-content/plugins/platon/index.php:189\nStack trace:\n#0 /var/www/html/wp/wp-settings.php(362): include_once()\n#1 /var/www/html/wp/wp-config.php(89): require_once('/var/www/html/w...')\n#2 /var/www/html/wp/wp-load.php(37): require_once('/var/www/html/w...')\n#3 /var/www/html/wp/wp-blog-header.php(13): require_once('/var/www/html/w...')\n#4 /var/www/html/wp/index.php(17): require('/var/www/html/w...')\n#5 {main}\n  thrown in /var/www/html/wp/wp-content/plugins/platon/index.php on line 189
[Tue Aug 27 07:14:31.713136 2019] [php7:warn] [pid 27055] [client 185.247.20.217:38813] PHP Warning:  fopen(): SSL operation failed with code 1. OpenSSL Error messages:\nerror:1416F086:SSL routines:tls_process_server_certificate:certificate verify failed in /var/www/html/wp/wp-includes/functions.php on line 5568, referer: https://165.22.77.15/wp/wp-admin/
[Tue Aug 27 07:14:31.713168 2019] [php7:warn] [pid 27055] [client 185.247.20.217:38813] PHP Warning:  fopen(): Failed to enable crypto in /var/www/html/wp/wp-includes/functions.php on line 5568, referer: https://165.22.77.15/wp/wp-admin/
[Tue Aug 27 07:14:31.713232 2019] [php7:warn] [pid 27055] [client 185.247.20.217:38813] PHP Warning:  fopen(https://165.22.77.15/wp/wp-content/plugins/platon/index.php): failed to open stream: operation failed in /var/www/html/wp/wp-includes/functions.php on line 5568, referer: https://165.22.77.15/wp/wp-admin/
[Tue Aug 27 07:14:31.713241 2019] [php7:warn] [pid 27055] [client 185.247.20.217:38813] PHP Warning:  fread() expects parameter 1 to be resource, boolean given in /var/www/html/wp/wp-includes/functions.php on line 5571, referer: https://165.22.77.15/wp/wp-admin/
[Tue Aug 27 07:14:31.713246 2019] [php7:warn] [pid 27055] [client 185.247.20.217:38813] PHP Warning:  fclose() expects parameter 1 to be resource, boolean given in /var/www/html/wp/wp-includes/functions.php on line 5574, referer: https://165.22.77.15/wp/wp-admin/
[Tue Aug 27 09:36:26.735066 2019] [php7:notice] [pid 28025] [client 185.247.20.217:43623] PHP Notice:  wp_enqueue_style was called <strong>incorrectly</strong>. Scripts and styles should not be registered or enqueued until the <code>wp_enqueue_scripts</code>, <code>admin_enqueue_scripts</code>, or <code>login_enqueue_scripts</code> hooks. Please see <a href="https://codex.wordpress.org/Debugging_in_WordPress">Debugging in WordPress</a> for more information. (This message was added in version 3.3.0.) in /var/www/html/wp/wp-includes/functions.php on line 4773, referer: https://165.22.77.15/wp/wp-admin/admin.php?page=platon%2Finc%2Flist-orders.php
[Tue Aug 27 09:36:26.736119 2019] [php7:notice] [pid 28025] [client 185.247.20.217:43623] PHP Notice:  wp_enqueue_script was called <strong>incorrectly</strong>. Scripts and styles should not be registered or enqueued until the <code>wp_enqueue_scripts</code>, <code>admin_enqueue_scripts</code>, or <code>login_enqueue_scripts</code> hooks. Please see <a href="https://codex.wordpress.org/Debugging_in_WordPress">Debugging in WordPress</a> for more information. (This message was added in version 3.3.0.) in /var/www/html/wp/wp-includes/functions.php on line 4773, referer: https://165.22.77.15/wp/wp-admin/admin.php?page=platon%2Finc%2Flist-orders.php
[Tue Aug 27 09:36:26.736186 2019] [php7:notice] [pid 28025] [client 185.247.20.217:43623] PHP Notice:  Undefined index: sign in /var/www/html/wp/wp-content/plugins/platon/inc/order-processing.php on line 108, referer: https://165.22.77.15/wp/wp-admin/admin.php?page=platon%2Finc%2Flist-orders.php
[Tue Aug 27 09:36:26.736196 2019] [php7:notice] [pid 28025] [client 185.247.20.217:43623] PHP Notice:  Undefined index: id in /var/www/html/wp/wp-content/plugins/platon/index.php on line 187, referer: https://165.22.77.15/wp/wp-admin/admin.php?page=platon%2Finc%2Flist-orders.php
[Tue Aug 27 09:36:27.355647 2019] [php7:notice] [pid 27964] [client 185.247.20.217:43625] PHP Notice:  wp_enqueue_style was called <strong>incorrectly</strong>. Scripts and styles should not be registered or enqueued until the <code>wp_enqueue_scripts</code>, <code>admin_enqueue_scripts</code>, or <code>login_enqueue_scripts</code> hooks. Please see <a href="https://codex.wordpress.org/Debugging_in_WordPress">Debugging in WordPress</a> for more information. (This message was added in version 3.3.0.) in /var/www/html/wp/wp-includes/functions.php on line 4773, referer: https://165.22.77.15/wp/wp-admin/admin.php?page=platon%2Finc%2Fsettings.php
[Tue Aug 27 09:36:27.356426 2019] [php7:notice] [pid 27964] [client 185.247.20.217:43625] PHP Notice:  wp_enqueue_script was called <strong>incorrectly</strong>. Scripts and styles should not be registered or enqueued until the <code>wp_enqueue_scripts</code>, <code>admin_enqueue_scripts</code>, or <code>login_enqueue_scripts</code> hooks. Please see <a href="https://codex.wordpress.org/Debugging_in_WordPress">Debugging in WordPress</a> for more information. (This message was added in version 3.3.0.) in /var/www/html/wp/wp-includes/functions.php on line 4773, referer: https://165.22.77.15/wp/wp-admin/admin.php?page=platon%2Finc%2Fsettings.php
[Tue Aug 27 09:36:27.356456 2019] [php7:notice] [pid 27964] [client 185.247.20.217:43625] PHP Notice:  Undefined index: sign in /var/www/html/wp/wp-content/plugins/platon/inc/order-processing.php on line 108, referer: https://165.22.77.15/wp/wp-admin/admin.php?page=platon%2Finc%2Fsettings.php
[Tue Aug 27 09:36:27.356463 2019] [php7:notice] [pid 27964] [client 185.247.20.217:43625] PHP Notice:  Undefined index: id in /var/www/html/wp/wp-content/plugins/platon/index.php on line 187, referer: https://165.22.77.15/wp/wp-admin/admin.php?page=platon%2Finc%2Fsettings.php
[Tue Aug 27 09:36:28.760553 2019] [php7:notice] [pid 27055] [client 165.22.77.15:43968] PHP Notice:  wp_enqueue_style was called <strong>incorrectly</strong>. Scripts and styles should not be registered or enqueued until the <code>wp_enqueue_scripts</code>, <code>admin_enqueue_scripts</code>, or <code>login_enqueue_scripts</code> hooks. Please see <a href="https://codex.wordpress.org/Debugging_in_WordPress">Debugging in WordPress</a> for more information. (This message was added in version 3.3.0.) in /var/www/html/wp/wp-includes/functions.php on line 4773, referer: https://165.22.77.15/wp/wp-cron.php?doing_wp_cron=1566887788.3209810256958007812500
[Tue Aug 27 09:36:28.761220 2019] [php7:notice] [pid 27964] [client 185.247.20.217:43625] PHP Notice:  wp_enqueue_style was called <strong>incorrectly</strong>. Scripts and styles should not be registered or enqueued until the <code>wp_enqueue_scripts</code>, <code>admin_enqueue_scripts</code>, or <code>login_enqueue_scripts</code> hooks. Please see <a href="https://codex.wordpress.org/Debugging_in_WordPress">Debugging in WordPress</a> for more information. (This message was added in version 3.3.0.) in /var/www/html/wp/wp-includes/functions.php on line 4773
[Tue Aug 27 09:36:28.761254 2019] [php7:notice] [pid 27055] [client 165.22.77.15:43968] PHP Notice:  wp_enqueue_script was called <strong>incorrectly</strong>. Scripts and styles should not be registered or enqueued until the <code>wp_enqueue_scripts</code>, <code>admin_enqueue_scripts</code>, or <code>login_enqueue_scripts</code> hooks. Please see <a href="https://codex.wordpress.org/Debugging_in_WordPress">Debugging in WordPress</a> for more information. (This message was added in version 3.3.0.) in /var/www/html/wp/wp-includes/functions.php on line 4773, referer: https://165.22.77.15/wp/wp-cron.php?doing_wp_cron=1566887788.3209810256958007812500
[Tue Aug 27 09:36:28.761303 2019] [php7:notice] [pid 27055] [client 165.22.77.15:43968] PHP Notice:  Undefined index: sign in /var/www/html/wp/wp-content/plugins/platon/inc/order-processing.php on line 108, referer: https://165.22.77.15/wp/wp-cron.php?doing_wp_cron=1566887788.3209810256958007812500
[Tue Aug 27 09:36:28.761312 2019] [php7:notice] [pid 27055] [client 165.22.77.15:43968] PHP Notice:  Undefined index: id in /var/www/html/wp/wp-content/plugins/platon/index.php on line 187, referer: https://165.22.77.15/wp/wp-cron.php?doing_wp_cron=1566887788.3209810256958007812500
[Tue Aug 27 09:36:28.761881 2019] [php7:notice] [pid 27964] [client 185.247.20.217:43625] PHP Notice:  wp_enqueue_script was called <strong>incorrectly</strong>. Scripts and styles should not be registered or enqueued until the <code>wp_enqueue_scripts</code>, <code>admin_enqueue_scripts</code>, or <code>login_enqueue_scripts</code> hooks. Please see <a href="https://codex.wordpress.org/Debugging_in_WordPress">Debugging in WordPress</a> for more information. (This message was added in version 3.3.0.) in /var/www/html/wp/wp-includes/functions.php on line 4773
[Tue Aug 27 09:36:28.761916 2019] [php7:notice] [pid 27964] [client 185.247.20.217:43625] PHP Notice:  Undefined index: sign in /var/www/html/wp/wp-content/plugins/platon/inc/order-processing.php on line 108
[Tue Aug 27 09:36:28.761923 2019] [php7:notice] [pid 27964] [client 185.247.20.217:43625] PHP Notice:  Undefined index: id in /var/www/html/wp/wp-content/plugins/platon/index.php on line 187
[Tue Aug 27 09:38:10.422460 2019] [php7:notice] [pid 27054] [client 185.247.20.217:43716] PHP Notice:  wp_enqueue_style was called <strong>incorrectly</strong>. Scripts and styles should not be registered or enqueued until the <code>wp_enqueue_scripts</code>, <code>admin_enqueue_scripts</code>, or <code>login_enqueue_scripts</code> hooks. Please see <a href="https://codex.wordpress.org/Debugging_in_WordPress">Debugging in WordPress</a> for more information. (This message was added in version 3.3.0.) in /var/www/html/wp/wp-includes/functions.php on line 4773
[Tue Aug 27 09:38:10.423229 2019] [php7:notice] [pid 27054] [client 185.247.20.217:43716] PHP Notice:  wp_enqueue_script was called <strong>incorrectly</strong>. Scripts and styles should not be registered or enqueued until the <code>wp_enqueue_scripts</code>, <code>admin_enqueue_scripts</code>, or <code>login_enqueue_scripts</code> hooks. Please see <a href="https://codex.wordpress.org/Debugging_in_WordPress">Debugging in WordPress</a> for more information. (This message was added in version 3.3.0.) in /var/www/html/wp/wp-includes/functions.php on line 4773
[Tue Aug 27 09:38:10.424205 2019] [php7:notice] [pid 27054] [client 185.247.20.217:43716] PHP Notice:  Undefined index: id in /var/www/html/wp/wp-content/plugins/platon/index.php on line 187
[Tue Aug 27 09:38:10.519461 2019] [php7:notice] [pid 27964] [client 165.22.77.15:43972] PHP Notice:  wp_enqueue_style was called <strong>incorrectly</strong>. Scripts and styles should not be registered or enqueued until the <code>wp_enqueue_scripts</code>, <code>admin_enqueue_scripts</code>, or <code>login_enqueue_scripts</code> hooks. Please see <a href="https://codex.wordpress.org/Debugging_in_WordPress">Debugging in WordPress</a> for more information. (This message was added in version 3.3.0.) in /var/www/html/wp/wp-includes/functions.php on line 4773, referer: https://165.22.77.15/wp/wp-cron.php?doing_wp_cron=1566887890.4940459728240966796875
[Tue Aug 27 09:38:10.520374 2019] [php7:notice] [pid 27964] [client 165.22.77.15:43972] PHP Notice:  wp_enqueue_script was called <strong>incorrectly</strong>. Scripts and styles should not be registered or enqueued until the <code>wp_enqueue_scripts</code>, <code>admin_enqueue_scripts</code>, or <code>login_enqueue_scripts</code> hooks. Please see <a href="https://codex.wordpress.org/Debugging_in_WordPress">Debugging in WordPress</a> for more information. (This message was added in version 3.3.0.) in /var/www/html/wp/wp-includes/functions.php on line 4773, referer: https://165.22.77.15/wp/wp-cron.php?doing_wp_cron=1566887890.4940459728240966796875
[Tue Aug 27 09:38:10.520434 2019] [php7:notice] [pid 27964] [client 165.22.77.15:43972] PHP Notice:  Undefined index: id in /var/www/html/wp/wp-content/plugins/platon/index.php on line 187, referer: https://165.22.77.15/wp/wp-cron.php?doing_wp_cron=1566887890.4940459728240966796875
[Tue Aug 27 09:38:27.267379 2019] [php7:notice] [pid 28027] [client 185.247.20.217:43741] PHP Notice:  wp_enqueue_style was called <strong>incorrectly</strong>. Scripts and styles should not be registered or enqueued until the <code>wp_enqueue_scripts</code>, <code>admin_enqueue_scripts</code>, or <code>login_enqueue_scripts</code> hooks. Please see <a href="https://codex.wordpress.org/Debugging_in_WordPress">Debugging in WordPress</a> for more information. (This message was added in version 3.3.0.) in /var/www/html/wp/wp-includes/functions.php on line 4773, referer: https://165.22.77.15/wp/wp-admin/admin.php?page=platon%2Finc%2Flist-orders.php
[Tue Aug 27 09:38:27.268243 2019] [php7:notice] [pid 28027] [client 185.247.20.217:43741] PHP Notice:  wp_enqueue_script was called <strong>incorrectly</strong>. Scripts and styles should not be registered or enqueued until the <code>wp_enqueue_scripts</code>, <code>admin_enqueue_scripts</code>, or <code>login_enqueue_scripts</code> hooks. Please see <a href="https://codex.wordpress.org/Debugging_in_WordPress">Debugging in WordPress</a> for more information. (This message was added in version 3.3.0.) in /var/www/html/wp/wp-includes/functions.php on line 4773, referer: https://165.22.77.15/wp/wp-admin/admin.php?page=platon%2Finc%2Flist-orders.php
[Tue Aug 27 09:38:27.268290 2019] [php7:notice] [pid 28027] [client 185.247.20.217:43741] PHP Notice:  Undefined index: id in /var/www/html/wp/wp-content/plugins/platon/index.php on line 187, referer: https://165.22.77.15/wp/wp-admin/admin.php?page=platon%2Finc%2Flist-orders.php
[Tue Aug 27 09:38:28.057392 2019] [php7:notice] [pid 28027] [client 185.247.20.217:43741] PHP Notice:  wp_enqueue_style was called <strong>incorrectly</strong>. Scripts and styles should not be registered or enqueued until the <code>wp_enqueue_scripts</code>, <code>admin_enqueue_scripts</code>, or <code>login_enqueue_scripts</code> hooks. Please see <a href="https://codex.wordpress.org/Debugging_in_WordPress">Debugging in WordPress</a> for more information. (This message was added in version 3.3.0.) in /var/www/html/wp/wp-includes/functions.php on line 4773, referer: https://165.22.77.15/wp/wp-admin/admin.php?page=platon%2Finc%2Fsettings.php
[Tue Aug 27 09:38:28.062087 2019] [php7:notice] [pid 28027] [client 185.247.20.217:43741] PHP Notice:  wp_enqueue_script was called <strong>incorrectly</strong>. Scripts and styles should not be registered or enqueued until the <code>wp_enqueue_scripts</code>, <code>admin_enqueue_scripts</code>, or <code>login_enqueue_scripts</code> hooks. Please see <a href="https://codex.wordpress.org/Debugging_in_WordPress">Debugging in WordPress</a> for more information. (This message was added in version 3.3.0.) in /var/www/html/wp/wp-includes/functions.php on line 4773, referer: https://165.22.77.15/wp/wp-admin/admin.php?page=platon%2Finc%2Fsettings.php
[Tue Aug 27 09:38:28.062454 2019] [php7:notice] [pid 28027] [client 185.247.20.217:43741] PHP Notice:  Undefined index: id in /var/www/html/wp/wp-content/plugins/platon/index.php on line 187, referer: https://165.22.77.15/wp/wp-admin/admin.php?page=platon%2Finc%2Fsettings.php
[Tue Aug 27 09:39:38.848406 2019] [php7:notice] [pid 27842] [client 185.247.20.217:43785] PHP Notice:  wp_enqueue_style was called <strong>incorrectly</strong>. Scripts and styles should not be registered or enqueued until the <code>wp_enqueue_scripts</code>, <code>admin_enqueue_scripts</code>, or <code>login_enqueue_scripts</code> hooks. Please see <a href="https://codex.wordpress.org/Debugging_in_WordPress">Debugging in WordPress</a> for more information. (This message was added in version 3.3.0.) in /var/www/html/wp/wp-includes/functions.php on line 4773
[Tue Aug 27 09:39:38.849423 2019] [php7:notice] [pid 27842] [client 185.247.20.217:43785] PHP Notice:  wp_enqueue_script was called <strong>incorrectly</strong>. Scripts and styles should not be registered or enqueued until the <code>wp_enqueue_scripts</code>, <code>admin_enqueue_scripts</code>, or <code>login_enqueue_scripts</code> hooks. Please see <a href="https://codex.wordpress.org/Debugging_in_WordPress">Debugging in WordPress</a> for more information. (This message was added in version 3.3.0.) in /var/www/html/wp/wp-includes/functions.php on line 4773
[Tue Aug 27 09:39:38.978196 2019] [php7:notice] [pid 28027] [client 165.22.77.15:43976] PHP Notice:  wp_enqueue_style was called <strong>incorrectly</strong>. Scripts and styles should not be registered or enqueued until the <code>wp_enqueue_scripts</code>, <code>admin_enqueue_scripts</code>, or <code>login_enqueue_scripts</code> hooks. Please see <a href="https://codex.wordpress.org/Debugging_in_WordPress">Debugging in WordPress</a> for more information. (This message was added in version 3.3.0.) in /var/www/html/wp/wp-includes/functions.php on line 4773, referer: https://165.22.77.15/wp/wp-cron.php?doing_wp_cron=1566887978.9543220996856689453125
[Tue Aug 27 09:39:38.979006 2019] [php7:notice] [pid 28027] [client 165.22.77.15:43976] PHP Notice:  wp_enqueue_script was called <strong>incorrectly</strong>. Scripts and styles should not be registered or enqueued until the <code>wp_enqueue_scripts</code>, <code>admin_enqueue_scripts</code>, or <code>login_enqueue_scripts</code> hooks. Please see <a href="https://codex.wordpress.org/Debugging_in_WordPress">Debugging in WordPress</a> for more information. (This message was added in version 3.3.0.) in /var/www/html/wp/wp-includes/functions.php on line 4773, referer: https://165.22.77.15/wp/wp-cron.php?doing_wp_cron=1566887978.9543220996856689453125
[Tue Aug 27 09:40:28.376201 2019] [php7:notice] [pid 28027] [client 185.247.20.217:43826] PHP Notice:  wp_enqueue_style was called <strong>incorrectly</strong>. Scripts and styles should not be registered or enqueued until the <code>wp_enqueue_scripts</code>, <code>admin_enqueue_scripts</code>, or <code>login_enqueue_scripts</code> hooks. Please see <a href="https://codex.wordpress.org/Debugging_in_WordPress">Debugging in WordPress</a> for more information. (This message was added in version 3.3.0.) in /var/www/html/wp/wp-includes/functions.php on line 4773, referer: https://165.22.77.15/wp/wp-admin/admin.php?page=platon%2Finc%2Flist-orders.php
[Tue Aug 27 09:40:28.376916 2019] [php7:notice] [pid 28027] [client 185.247.20.217:43826] PHP Notice:  wp_enqueue_script was called <strong>incorrectly</strong>. Scripts and styles should not be registered or enqueued until the <code>wp_enqueue_scripts</code>, <code>admin_enqueue_scripts</code>, or <code>login_enqueue_scripts</code> hooks. Please see <a href="https://codex.wordpress.org/Debugging_in_WordPress">Debugging in WordPress</a> for more information. (This message was added in version 3.3.0.) in /var/www/html/wp/wp-includes/functions.php on line 4773, referer: https://165.22.77.15/wp/wp-admin/admin.php?page=platon%2Finc%2Flist-orders.php
[Tue Aug 27 09:40:28.937577 2019] [php7:notice] [pid 27050] [client 165.22.77.15:43980] PHP Notice:  wp_enqueue_style was called <strong>incorrectly</strong>. Scripts and styles should not be registered or enqueued until the <code>wp_enqueue_scripts</code>, <code>admin_enqueue_scripts</code>, or <code>login_enqueue_scripts</code> hooks. Please see <a href="https://codex.wordpress.org/Debugging_in_WordPress">Debugging in WordPress</a> for more information. (This message was added in version 3.3.0.) in /var/www/html/wp/wp-includes/functions.php on line 4773, referer: https://165.22.77.15/wp/wp-cron.php?doing_wp_cron=1566888028.8545811176300048828125
[Tue Aug 27 09:40:28.938561 2019] [php7:notice] [pid 27050] [client 165.22.77.15:43980] PHP Notice:  wp_enqueue_script was called <strong>incorrectly</strong>. Scripts and styles should not be registered or enqueued until the <code>wp_enqueue_scripts</code>, <code>admin_enqueue_scripts</code>, or <code>login_enqueue_scripts</code> hooks. Please see <a href="https://codex.wordpress.org/Debugging_in_WordPress">Debugging in WordPress</a> for more information. (This message was added in version 3.3.0.) in /var/www/html/wp/wp-includes/functions.php on line 4773, referer: https://165.22.77.15/wp/wp-cron.php?doing_wp_cron=1566888028.8545811176300048828125
[Tue Aug 27 09:40:29.284447 2019] [php7:notice] [pid 27842] [client 185.247.20.217:43828] PHP Notice:  wp_enqueue_style was called <strong>incorrectly</strong>. Scripts and styles should not be registered or enqueued until the <code>wp_enqueue_scripts</code>, <code>admin_enqueue_scripts</code>, or <code>login_enqueue_scripts</code> hooks. Please see <a href="https://codex.wordpress.org/Debugging_in_WordPress">Debugging in WordPress</a> for more information. (This message was added in version 3.3.0.) in /var/www/html/wp/wp-includes/functions.php on line 4773, referer: https://165.22.77.15/wp/wp-admin/admin.php?page=platon%2Finc%2Fsettings.php
[Tue Aug 27 09:40:29.285518 2019] [php7:notice] [pid 27842] [client 185.247.20.217:43828] PHP Notice:  wp_enqueue_script was called <strong>incorrectly</strong>. Scripts and styles should not be registered or enqueued until the <code>wp_enqueue_scripts</code>, <code>admin_enqueue_scripts</code>, or <code>login_enqueue_scripts</code> hooks. Please see <a href="https://codex.wordpress.org/Debugging_in_WordPress">Debugging in WordPress</a> for more information. (This message was added in version 3.3.0.) in /var/www/html/wp/wp-includes/functions.php on line 4773, referer: https://165.22.77.15/wp/wp-admin/admin.php?page=platon%2Finc%2Fsettings.php
[Tue Aug 27 09:42:29.261311 2019] [php7:notice] [pid 28027] [client 185.247.20.217:43922] PHP Notice:  wp_enqueue_style was called <strong>incorrectly</strong>. Scripts and styles should not be registered or enqueued until the <code>wp_enqueue_scripts</code>, <code>admin_enqueue_scripts</code>, or <code>login_enqueue_scripts</code> hooks. Please see <a href="https://codex.wordpress.org/Debugging_in_WordPress">Debugging in WordPress</a> for more information. (This message was added in version 3.3.0.) in /var/www/html/wp/wp-includes/functions.php on line 4773, referer: https://165.22.77.15/wp/wp-admin/admin.php?page=platon%2Finc%2Flist-orders.php
[Tue Aug 27 09:42:29.261311 2019] [php7:notice] [pid 27050] [client 185.247.20.217:43921] PHP Notice:  wp_enqueue_style was called <strong>incorrectly</strong>. Scripts and styles should not be registered or enqueued until the <code>wp_enqueue_scripts</code>, <code>admin_enqueue_scripts</code>, or <code>login_enqueue_scripts</code> hooks. Please see <a href="https://codex.wordpress.org/Debugging_in_WordPress">Debugging in WordPress</a> for more information. (This message was added in version 3.3.0.) in /var/www/html/wp/wp-includes/functions.php on line 4773, referer: https://165.22.77.15/wp/wp-admin/admin.php?page=platon%2Finc%2Fsettings.php
[Tue Aug 27 09:42:29.262824 2019] [php7:notice] [pid 27050] [client 185.247.20.217:43921] PHP Notice:  wp_enqueue_script was called <strong>incorrectly</strong>. Scripts and styles should not be registered or enqueued until the <code>wp_enqueue_scripts</code>, <code>admin_enqueue_scripts</code>, or <code>login_enqueue_scripts</code> hooks. Please see <a href="https://codex.wordpress.org/Debugging_in_WordPress">Debugging in WordPress</a> for more information. (This message was added in version 3.3.0.) in /var/www/html/wp/wp-includes/functions.php on line 4773, referer: https://165.22.77.15/wp/wp-admin/admin.php?page=platon%2Finc%2Fsettings.php
[Tue Aug 27 09:42:29.262849 2019] [php7:notice] [pid 28027] [client 185.247.20.217:43922] PHP Notice:  wp_enqueue_script was called <strong>incorrectly</strong>. Scripts and styles should not be registered or enqueued until the <code>wp_enqueue_scripts</code>, <code>admin_enqueue_scripts</code>, or <code>login_enqueue_scripts</code> hooks. Please see <a href="https://codex.wordpress.org/Debugging_in_WordPress">Debugging in WordPress</a> for more information. (This message was added in version 3.3.0.) in /var/www/html/wp/wp-includes/functions.php on line 4773, referer: https://165.22.77.15/wp/wp-admin/admin.php?page=platon%2Finc%2Flist-orders.php
[Tue Aug 27 09:42:29.399033 2019] [php7:notice] [pid 28453] [client 165.22.77.15:43982] PHP Notice:  wp_enqueue_style was called <strong>incorrectly</strong>. Scripts and styles should not be registered or enqueued until the <code>wp_enqueue_scripts</code>, <code>admin_enqueue_scripts</code>, or <code>login_enqueue_scripts</code> hooks. Please see <a href="https://codex.wordpress.org/Debugging_in_WordPress">Debugging in WordPress</a> for more information. (This message was added in version 3.3.0.) in /var/www/html/wp/wp-includes/functions.php on line 4773, referer: https://165.22.77.15/wp/wp-cron.php?doing_wp_cron=1566888149.3751170635223388671875
[Tue Aug 27 09:42:29.399748 2019] [php7:notice] [pid 28453] [client 165.22.77.15:43982] PHP Notice:  wp_enqueue_script was called <strong>incorrectly</strong>. Scripts and styles should not be registered or enqueued until the <code>wp_enqueue_scripts</code>, <code>admin_enqueue_scripts</code>, or <code>login_enqueue_scripts</code> hooks. Please see <a href="https://codex.wordpress.org/Debugging_in_WordPress">Debugging in WordPress</a> for more information. (This message was added in version 3.3.0.) in /var/www/html/wp/wp-includes/functions.php on line 4773, referer: https://165.22.77.15/wp/wp-cron.php?doing_wp_cron=1566888149.3751170635223388671875
[Tue Aug 27 09:44:29.268040 2019] [php7:notice] [pid 27050] [client 185.247.20.217:43983] PHP Notice:  wp_enqueue_style was called <strong>incorrectly</strong>. Scripts and styles should not be registered or enqueued until the <code>wp_enqueue_scripts</code>, <code>admin_enqueue_scripts</code>, or <code>login_enqueue_scripts</code> hooks. Please see <a href="https://codex.wordpress.org/Debugging_in_WordPress">Debugging in WordPress</a> for more information. (This message was added in version 3.3.0.) in /var/www/html/wp/wp-includes/functions.php on line 4773, referer: https://165.22.77.15/wp/wp-admin/admin.php?page=platon%2Finc%2Fsettings.php
[Tue Aug 27 09:44:29.269340 2019] [php7:notice] [pid 27050] [client 185.247.20.217:43983] PHP Notice:  wp_enqueue_script was called <strong>incorrectly</strong>. Scripts and styles should not be registered or enqueued until the <code>wp_enqueue_scripts</code>, <code>admin_enqueue_scripts</code>, or <code>login_enqueue_scripts</code> hooks. Please see <a href="https://codex.wordpress.org/Debugging_in_WordPress">Debugging in WordPress</a> for more information. (This message was added in version 3.3.0.) in /var/www/html/wp/wp-includes/functions.php on line 4773, referer: https://165.22.77.15/wp/wp-admin/admin.php?page=platon%2Finc%2Fsettings.php
[Tue Aug 27 09:44:29.278828 2019] [php7:notice] [pid 321] [client 185.247.20.217:43984] PHP Notice:  wp_enqueue_style was called <strong>incorrectly</strong>. Scripts and styles should not be registered or enqueued until the <code>wp_enqueue_scripts</code>, <code>admin_enqueue_scripts</code>, or <code>login_enqueue_scripts</code> hooks. Please see <a href="https://codex.wordpress.org/Debugging_in_WordPress">Debugging in WordPress</a> for more information. (This message was added in version 3.3.0.) in /var/www/html/wp/wp-includes/functions.php on line 4773, referer: https://165.22.77.15/wp/wp-admin/admin.php?page=platon%2Finc%2Flist-orders.php
[Tue Aug 27 09:44:29.279912 2019] [php7:notice] [pid 321] [client 185.247.20.217:43984] PHP Notice:  wp_enqueue_script was called <strong>incorrectly</strong>. Scripts and styles should not be registered or enqueued until the <code>wp_enqueue_scripts</code>, <code>admin_enqueue_scripts</code>, or <code>login_enqueue_scripts</code> hooks. Please see <a href="https://codex.wordpress.org/Debugging_in_WordPress">Debugging in WordPress</a> for more information. (This message was added in version 3.3.0.) in /var/www/html/wp/wp-includes/functions.php on line 4773, referer: https://165.22.77.15/wp/wp-admin/admin.php?page=platon%2Finc%2Flist-orders.php
[Tue Aug 27 09:44:29.380752 2019] [php7:notice] [pid 28453] [client 165.22.77.15:43984] PHP Notice:  wp_enqueue_style was called <strong>incorrectly</strong>. Scripts and styles should not be registered or enqueued until the <code>wp_enqueue_scripts</code>, <code>admin_enqueue_scripts</code>, or <code>login_enqueue_scripts</code> hooks. Please see <a href="https://codex.wordpress.org/Debugging_in_WordPress">Debugging in WordPress</a> for more information. (This message was added in version 3.3.0.) in /var/www/html/wp/wp-includes/functions.php on line 4773, referer: https://165.22.77.15/wp/wp-cron.php?doing_wp_cron=1566888269.3610448837280273437500
[Tue Aug 27 09:44:29.381368 2019] [php7:notice] [pid 28453] [client 165.22.77.15:43984] PHP Notice:  wp_enqueue_script was called <strong>incorrectly</strong>. Scripts and styles should not be registered or enqueued until the <code>wp_enqueue_scripts</code>, <code>admin_enqueue_scripts</code>, or <code>login_enqueue_scripts</code> hooks. Please see <a href="https://codex.wordpress.org/Debugging_in_WordPress">Debugging in WordPress</a> for more information. (This message was added in version 3.3.0.) in /var/www/html/wp/wp-includes/functions.php on line 4773, referer: https://165.22.77.15/wp/wp-cron.php?doing_wp_cron=1566888269.3610448837280273437500
[Tue Aug 27 09:46:30.266135 2019] [php7:notice] [pid 28331] [client 185.247.20.217:44051] PHP Notice:  wp_enqueue_style was called <strong>incorrectly</strong>. Scripts and styles should not be registered or enqueued until the <code>wp_enqueue_scripts</code>, <code>admin_enqueue_scripts</code>, or <code>login_enqueue_scripts</code> hooks. Please see <a href="https://codex.wordpress.org/Debugging_in_WordPress">Debugging in WordPress</a> for more information. (This message was added in version 3.3.0.) in /var/www/html/wp/wp-includes/functions.php on line 4773, referer: https://165.22.77.15/wp/wp-admin/admin.php?page=platon%2Finc%2Fsettings.php
[Tue Aug 27 09:46:30.266894 2019] [php7:notice] [pid 28331] [client 185.247.20.217:44051] PHP Notice:  wp_enqueue_script was called <strong>incorrectly</strong>. Scripts and styles should not be registered or enqueued until the <code>wp_enqueue_scripts</code>, <code>admin_enqueue_scripts</code>, or <code>login_enqueue_scripts</code> hooks. Please see <a href="https://codex.wordpress.org/Debugging_in_WordPress">Debugging in WordPress</a> for more information. (This message was added in version 3.3.0.) in /var/www/html/wp/wp-includes/functions.php on line 4773, referer: https://165.22.77.15/wp/wp-admin/admin.php?page=platon%2Finc%2Fsettings.php
[Tue Aug 27 09:46:30.268390 2019] [php7:notice] [pid 27055] [client 185.247.20.217:44052] PHP Notice:  wp_enqueue_style was called <strong>incorrectly</strong>. Scripts and styles should not be registered or enqueued until the <code>wp_enqueue_scripts</code>, <code>admin_enqueue_scripts</code>, or <code>login_enqueue_scripts</code> hooks. Please see <a href="https://codex.wordpress.org/Debugging_in_WordPress">Debugging in WordPress</a> for more information. (This message was added in version 3.3.0.) in /var/www/html/wp/wp-includes/functions.php on line 4773, referer: https://165.22.77.15/wp/wp-admin/admin.php?page=platon%2Finc%2Flist-orders.php
[Tue Aug 27 09:46:30.269848 2019] [php7:notice] [pid 27055] [client 185.247.20.217:44052] PHP Notice:  wp_enqueue_script was called <strong>incorrectly</strong>. Scripts and styles should not be registered or enqueued until the <code>wp_enqueue_scripts</code>, <code>admin_enqueue_scripts</code>, or <code>login_enqueue_scripts</code> hooks. Please see <a href="https://codex.wordpress.org/Debugging_in_WordPress">Debugging in WordPress</a> for more information. (This message was added in version 3.3.0.) in /var/www/html/wp/wp-includes/functions.php on line 4773, referer: https://165.22.77.15/wp/wp-admin/admin.php?page=platon%2Finc%2Flist-orders.php
[Tue Aug 27 09:46:33.245893 2019] [php7:notice] [pid 27842] [client 165.22.77.15:43986] PHP Notice:  wp_enqueue_style was called <strong>incorrectly</strong>. Scripts and styles should not be registered or enqueued until the <code>wp_enqueue_scripts</code>, <code>admin_enqueue_scripts</code>, or <code>login_enqueue_scripts</code> hooks. Please see <a href="https://codex.wordpress.org/Debugging_in_WordPress">Debugging in WordPress</a> for more information. (This message was added in version 3.3.0.) in /var/www/html/wp/wp-includes/functions.php on line 4773, referer: https://165.22.77.15/wp/wp-cron.php?doing_wp_cron=1566888390.9037599563598632812500
[Tue Aug 27 09:46:33.294033 2019] [php7:notice] [pid 27842] [client 165.22.77.15:43986] PHP Notice:  wp_enqueue_script was called <strong>incorrectly</strong>. Scripts and styles should not be registered or enqueued until the <code>wp_enqueue_scripts</code>, <code>admin_enqueue_scripts</code>, or <code>login_enqueue_scripts</code> hooks. Please see <a href="https://codex.wordpress.org/Debugging_in_WordPress">Debugging in WordPress</a> for more information. (This message was added in version 3.3.0.) in /var/www/html/wp/wp-includes/functions.php on line 4773, referer: https://165.22.77.15/wp/wp-cron.php?doing_wp_cron=1566888390.9037599563598632812500
[Tue Aug 27 09:58:00.661668 2019] [php7:notice] [pid 321] [client 185.247.20.217:44402] PHP Notice:  wp_enqueue_style was called <strong>incorrectly</strong>. Scripts and styles should not be registered or enqueued until the <code>wp_enqueue_scripts</code>, <code>admin_enqueue_scripts</code>, or <code>login_enqueue_scripts</code> hooks. Please see <a href="https://codex.wordpress.org/Debugging_in_WordPress">Debugging in WordPress</a> for more information. (This message was added in version 3.3.0.) in /var/www/html/wp/wp-includes/functions.php on line 4773, referer: https://165.22.77.15/wp/wp-admin/admin.php?page=platon%2Finc%2Flist-orders.php
[Tue Aug 27 09:58:00.662363 2019] [php7:notice] [pid 321] [client 185.247.20.217:44402] PHP Notice:  wp_enqueue_script was called <strong>incorrectly</strong>. Scripts and styles should not be registered or enqueued until the <code>wp_enqueue_scripts</code>, <code>admin_enqueue_scripts</code>, or <code>login_enqueue_scripts</code> hooks. Please see <a href="https://codex.wordpress.org/Debugging_in_WordPress">Debugging in WordPress</a> for more information. (This message was added in version 3.3.0.) in /var/www/html/wp/wp-includes/functions.php on line 4773, referer: https://165.22.77.15/wp/wp-admin/admin.php?page=platon%2Finc%2Flist-orders.php
[Tue Aug 27 09:58:00.785214 2019] [php7:notice] [pid 28027] [client 165.22.77.15:43988] PHP Notice:  wp_enqueue_style was called <strong>incorrectly</strong>. Scripts and styles should not be registered or enqueued until the <code>wp_enqueue_scripts</code>, <code>admin_enqueue_scripts</code>, or <code>login_enqueue_scripts</code> hooks. Please see <a href="https://codex.wordpress.org/Debugging_in_WordPress">Debugging in WordPress</a> for more information. (This message was added in version 3.3.0.) in /var/www/html/wp/wp-includes/functions.php on line 4773, referer: https://165.22.77.15/wp/wp-cron.php?doing_wp_cron=1566889080.7592270374298095703125
[Tue Aug 27 09:58:00.786094 2019] [php7:notice] [pid 28027] [client 165.22.77.15:43988] PHP Notice:  wp_enqueue_script was called <strong>incorrectly</strong>. Scripts and styles should not be registered or enqueued until the <code>wp_enqueue_scripts</code>, <code>admin_enqueue_scripts</code>, or <code>login_enqueue_scripts</code> hooks. Please see <a href="https://codex.wordpress.org/Debugging_in_WordPress">Debugging in WordPress</a> for more information. (This message was added in version 3.3.0.) in /var/www/html/wp/wp-includes/functions.php on line 4773, referer: https://165.22.77.15/wp/wp-cron.php?doing_wp_cron=1566889080.7592270374298095703125
[Tue Aug 27 09:59:01.287322 2019] [php7:notice] [pid 28331] [client 185.247.20.217:44433] PHP Notice:  wp_enqueue_style was called <strong>incorrectly</strong>. Scripts and styles should not be registered or enqueued until the <code>wp_enqueue_scripts</code>, <code>admin_enqueue_scripts</code>, or <code>login_enqueue_scripts</code> hooks. Please see <a href="https://codex.wordpress.org/Debugging_in_WordPress">Debugging in WordPress</a> for more information. (This message was added in version 3.3.0.) in /var/www/html/wp/wp-includes/functions.php on line 4773, referer: https://165.22.77.15/wp/wp-admin/admin.php?page=platon%2Finc%2Flist-orders.php
[Tue Aug 27 09:59:01.288299 2019] [php7:notice] [pid 28331] [client 185.247.20.217:44433] PHP Notice:  wp_enqueue_script was called <strong>incorrectly</strong>. Scripts and styles should not be registered or enqueued until the <code>wp_enqueue_scripts</code>, <code>admin_enqueue_scripts</code>, or <code>login_enqueue_scripts</code> hooks. Please see <a href="https://codex.wordpress.org/Debugging_in_WordPress">Debugging in WordPress</a> for more information. (This message was added in version 3.3.0.) in /var/www/html/wp/wp-includes/functions.php on line 4773, referer: https://165.22.77.15/wp/wp-admin/admin.php?page=platon%2Finc%2Flist-orders.php
[Tue Aug 27 09:59:01.408067 2019] [php7:notice] [pid 32574] [client 165.22.77.15:43990] PHP Notice:  wp_enqueue_style was called <strong>incorrectly</strong>. Scripts and styles should not be registered or enqueued until the <code>wp_enqueue_scripts</code>, <code>admin_enqueue_scripts</code>, or <code>login_enqueue_scripts</code> hooks. Please see <a href="https://codex.wordpress.org/Debugging_in_WordPress">Debugging in WordPress</a> for more information. (This message was added in version 3.3.0.) in /var/www/html/wp/wp-includes/functions.php on line 4773, referer: https://165.22.77.15/wp/wp-cron.php?doing_wp_cron=1566889141.3746368885040283203125
[Tue Aug 27 09:59:01.408983 2019] [php7:notice] [pid 32574] [client 165.22.77.15:43990] PHP Notice:  wp_enqueue_script was called <strong>incorrectly</strong>. Scripts and styles should not be registered or enqueued until the <code>wp_enqueue_scripts</code>, <code>admin_enqueue_scripts</code>, or <code>login_enqueue_scripts</code> hooks. Please see <a href="https://codex.wordpress.org/Debugging_in_WordPress">Debugging in WordPress</a> for more information. (This message was added in version 3.3.0.) in /var/www/html/wp/wp-includes/functions.php on line 4773, referer: https://165.22.77.15/wp/wp-cron.php?doing_wp_cron=1566889141.3746368885040283203125
[Tue Aug 27 09:59:03.210645 2019] [php7:notice] [pid 28331] [client 185.247.20.217:44433] PHP Notice:  wp_enqueue_style was called <strong>incorrectly</strong>. Scripts and styles should not be registered or enqueued until the <code>wp_enqueue_scripts</code>, <code>admin_enqueue_scripts</code>, or <code>login_enqueue_scripts</code> hooks. Please see <a href="https://codex.wordpress.org/Debugging_in_WordPress">Debugging in WordPress</a> for more information. (This message was added in version 3.3.0.) in /var/www/html/wp/wp-includes/functions.php on line 4773, referer: https://165.22.77.15/wp/wp-admin/admin.php?page=platon%2Finc%2Fsettings.php
[Tue Aug 27 09:59:03.211548 2019] [php7:notice] [pid 28331] [client 185.247.20.217:44433] PHP Notice:  wp_enqueue_script was called <strong>incorrectly</strong>. Scripts and styles should not be registered or enqueued until the <code>wp_enqueue_scripts</code>, <code>admin_enqueue_scripts</code>, or <code>login_enqueue_scripts</code> hooks. Please see <a href="https://codex.wordpress.org/Debugging_in_WordPress">Debugging in WordPress</a> for more information. (This message was added in version 3.3.0.) in /var/www/html/wp/wp-includes/functions.php on line 4773, referer: https://165.22.77.15/wp/wp-admin/admin.php?page=platon%2Finc%2Fsettings.php
[Tue Aug 27 10:00:01.318702 2019] [php7:notice] [pid 321] [client 185.247.20.217:44461] PHP Notice:  wp_enqueue_style was called <strong>incorrectly</strong>. Scripts and styles should not be registered or enqueued until the <code>wp_enqueue_scripts</code>, <code>admin_enqueue_scripts</code>, or <code>login_enqueue_scripts</code> hooks. Please see <a href="https://codex.wordpress.org/Debugging_in_WordPress">Debugging in WordPress</a> for more information. (This message was added in version 3.3.0.) in /var/www/html/wp/wp-includes/functions.php on line 4773, referer: https://165.22.77.15/wp/wp-admin/admin.php?page=platon%2Finc%2Flist-orders.php
[Tue Aug 27 10:00:01.319709 2019] [php7:notice] [pid 321] [client 185.247.20.217:44461] PHP Notice:  wp_enqueue_script was called <strong>incorrectly</strong>. Scripts and styles should not be registered or enqueued until the <code>wp_enqueue_scripts</code>, <code>admin_enqueue_scripts</code>, or <code>login_enqueue_scripts</code> hooks. Please see <a href="https://codex.wordpress.org/Debugging_in_WordPress">Debugging in WordPress</a> for more information. (This message was added in version 3.3.0.) in /var/www/html/wp/wp-includes/functions.php on line 4773, referer: https://165.22.77.15/wp/wp-admin/admin.php?page=platon%2Finc%2Flist-orders.php
[Tue Aug 27 10:00:01.480632 2019] [php7:notice] [pid 27842] [client 165.22.77.15:43992] PHP Notice:  wp_enqueue_style was called <strong>incorrectly</strong>. Scripts and styles should not be registered or enqueued until the <code>wp_enqueue_scripts</code>, <code>admin_enqueue_scripts</code>, or <code>login_enqueue_scripts</code> hooks. Please see <a href="https://codex.wordpress.org/Debugging_in_WordPress">Debugging in WordPress</a> for more information. (This message was added in version 3.3.0.) in /var/www/html/wp/wp-includes/functions.php on line 4773, referer: https://165.22.77.15/wp/wp-cron.php?doing_wp_cron=1566889201.4537930488586425781250
[Tue Aug 27 10:00:01.481669 2019] [php7:notice] [pid 27842] [client 165.22.77.15:43992] PHP Notice:  wp_enqueue_script was called <strong>incorrectly</strong>. Scripts and styles should not be registered or enqueued until the <code>wp_enqueue_scripts</code>, <code>admin_enqueue_scripts</code>, or <code>login_enqueue_scripts</code> hooks. Please see <a href="https://codex.wordpress.org/Debugging_in_WordPress">Debugging in WordPress</a> for more information. (This message was added in version 3.3.0.) in /var/www/html/wp/wp-includes/functions.php on line 4773, referer: https://165.22.77.15/wp/wp-cron.php?doing_wp_cron=1566889201.4537930488586425781250
[Tue Aug 27 10:00:04.058894 2019] [php7:notice] [pid 321] [client 185.247.20.217:44461] PHP Notice:  wp_enqueue_style was called <strong>incorrectly</strong>. Scripts and styles should not be registered or enqueued until the <code>wp_enqueue_scripts</code>, <code>admin_enqueue_scripts</code>, or <code>login_enqueue_scripts</code> hooks. Please see <a href="https://codex.wordpress.org/Debugging_in_WordPress">Debugging in WordPress</a> for more information. (This message was added in version 3.3.0.) in /var/www/html/wp/wp-includes/functions.php on line 4773, referer: https://165.22.77.15/wp/wp-admin/admin.php?page=platon%2Finc%2Fsettings.php
[Tue Aug 27 10:00:04.060045 2019] [php7:notice] [pid 321] [client 185.247.20.217:44461] PHP Notice:  wp_enqueue_script was called <strong>incorrectly</strong>. Scripts and styles should not be registered or enqueued until the <code>wp_enqueue_scripts</code>, <code>admin_enqueue_scripts</code>, or <code>login_enqueue_scripts</code> hooks. Please see <a href="https://codex.wordpress.org/Debugging_in_WordPress">Debugging in WordPress</a> for more information. (This message was added in version 3.3.0.) in /var/www/html/wp/wp-includes/functions.php on line 4773, referer: https://165.22.77.15/wp/wp-admin/admin.php?page=platon%2Finc%2Fsettings.php
[Tue Aug 27 10:02:01.324702 2019] [php7:notice] [pid 28453] [client 185.247.20.217:44523] PHP Notice:  wp_enqueue_style was called <strong>incorrectly</strong>. Scripts and styles should not be registered or enqueued until the <code>wp_enqueue_scripts</code>, <code>admin_enqueue_scripts</code>, or <code>login_enqueue_scripts</code> hooks. Please see <a href="https://codex.wordpress.org/Debugging_in_WordPress">Debugging in WordPress</a> for more information. (This message was added in version 3.3.0.) in /var/www/html/wp/wp-includes/functions.php on line 4773, referer: https://165.22.77.15/wp/wp-admin/admin.php?page=platon%2Finc%2Flist-orders.php
[Tue Aug 27 10:02:01.326283 2019] [php7:notice] [pid 28453] [client 185.247.20.217:44523] PHP Notice:  wp_enqueue_script was called <strong>incorrectly</strong>. Scripts and styles should not be registered or enqueued until the <code>wp_enqueue_scripts</code>, <code>admin_enqueue_scripts</code>, or <code>login_enqueue_scripts</code> hooks. Please see <a href="https://codex.wordpress.org/Debugging_in_WordPress">Debugging in WordPress</a> for more information. (This message was added in version 3.3.0.) in /var/www/html/wp/wp-includes/functions.php on line 4773, referer: https://165.22.77.15/wp/wp-admin/admin.php?page=platon%2Finc%2Flist-orders.php
